
Testing Histogram Logic (Simulation)...
Dashboard Ratio: 0.96 (Exp: > 0.15)
RESULT: REJECTED (Correct)

Testing Classification Logic Simulation...
1. Diagonal Crack (Rect=0.15, Grad=25): DAMP (Exp: CRACK)
2. Soft Linear Streak (AR=6.0, Grad=10): DAMP (Exp: DAMP)
3. Rusty Crack (AR=5.0, Grad=30, Red): CRACK (Exp: CRACK)
4. Corrosion Blob (Rect=0.8, Red): CORROSION (Exp: CORROSION)
5. Dust Streak (Grad=18 < 25): DAMP (Exp: DAMP)
6. Real Crack (Grad=30 > 25): CRACK (Exp: CRACK)

Testing Neon Wallpaper (High Saturation)...
Result: INVALID
Explanation: INVALID: No Pipe Detected. Largest Object is only 3.0% of image (Threshold 10%).

Testing Green Algae Simulation...
Green Algae (G=150 >> R,B): DAMP (Exp: DAMP)

Testing Internal Corrosion Simulation...
Internal Corrosion (R=200, G=180, B=20): CORROSION (Exp: CORROSION)

Testing Horizontal Crack Simulation...
Horizontal Crack (AR=10, Grad=30): CRACK (Exp: CRACK)
